Γû▓ Next.js 16.1.6 (Turbopack)
- Environments: .env

  Creating an optimized production build ...
Γ£ô Compiled successfully in 45s
  Running TypeScript ...
  Collecting page data using 3 workers ...
  Generating static pages using 3 workers (0/13) ...
  Generating static pages using 3 workers (3/13) 
  Generating static pages using 3 workers (6/13) 
  Generating static pages using 3 workers (9/13) 
Γ£ô Generating static pages using 3 workers (13/13) in 1736.6ms
  Finalizing page optimization ...

Route (app)
Γöî ╞Æ /
Γö£ Γùï /_not-found
Γö£ Γùï /about
Γö£ ╞Æ /api/auth/[...nextauth]
Γö£ ╞Æ /api/notifications
Γö£ Γùï /contact
Γö£ ╞Æ /invite/[token]
Γö£ ╞Æ /login
Γö£ ╞Æ /register
Γö£ Γùï /register-company
Γö£ Γùï /services
Γö£ Γùï /testimonials
Γö£ ╞Æ /workspace
Γö£ ╞Æ /workspace/[id]
Γö£ ╞Æ /workspace/[id]/board/[boardId]
Γö£ ╞Æ /workspace/[id]/members
Γöö ╞Æ /workspace/[id]/settings

Route (pages)
ΓöÇ ╞Æ /api/socket

╞Æ Proxy (Middleware)

Γùï  (Static)   prerendered as static content
╞Æ  (Dynamic)  server-rendered on demand

